// Jest Snapshot v1, https://goo.gl/fbAQLP

exports[`<EditEvent /> should render EventDetails component correctly correctly 1`] = `
ShallowWrapper {
  "length": 1,
  Symbol(enzyme.__root__): [Circular],
  Symbol(enzyme.__unrendered__): <EditEvent
    event={
      Object {
        "date": "2018-12-06",
        "description": "awesome",
        "image": "image.png",
        "title": "evento",
        "type": "wedding",
      }
    }
    match={
      Object {
        "params": Object {
          "eventId": 1,
        },
      }
    }
    singleEvent={[Function]}
  />,
  Symbol(enzyme.__renderer__): Object {
    "batchedUpdates": [Function],
    "getNode": [Function],
    "render": [Function],
    "simulateEvent": [Function],
    "unmount": [Function],
  },
  Symbol(enzyme.__node__): Object {
    "instance": null,
    "key": undefined,
    "nodeType": "host",
    "props": Object {
      "children": Array [
        <Connect(Navbar) />,
        <div
          className="container add"
        >
          <section>
            <h4
              className="font-weight-bold text-center"
            >
              Edit Event
            </h4>
          </section>
          <section>
            <div
              className="container"
            >
              <Form
                date=""
                description=""
                editing={false}
                errorMessage=""
                errorStatus={false}
                errors={Object {}}
                handleChange={[Function]}
                handleSubmit={[Function]}
                handleUpload={[Function]}
                image=""
                imgPreviewSrc=""
                title=""
                type=""
              />
            </div>
          </section>
        </div>,
      ],
      "className": "space",
    },
    "ref": null,
    "rendered": Array [
      Object {
        "instance": null,
        "key": undefined,
        "nodeType": "class",
        "props": Object {},
        "ref": null,
        "rendered": null,
        "type": [Function],
      },
      Object {
        "instance": null,
        "key": undefined,
        "nodeType": "host",
        "props": Object {
          "children": Array [
            <section>
              <h4
                className="font-weight-bold text-center"
              >
                Edit Event
              </h4>
            </section>,
            <section>
              <div
                className="container"
              >
                <Form
                  date=""
                  description=""
                  editing={false}
                  errorMessage=""
                  errorStatus={false}
                  errors={Object {}}
                  handleChange={[Function]}
                  handleSubmit={[Function]}
                  handleUpload={[Function]}
                  image=""
                  imgPreviewSrc=""
                  title=""
                  type=""
                />
              </div>
            </section>,
          ],
          "className": "container add",
        },
        "ref": null,
        "rendered": Array [
          Object {
            "instance": null,
            "key": undefined,
            "nodeType": "host",
            "props": Object {
              "children": <h4
                className="font-weight-bold text-center"
              >
                Edit Event
              </h4>,
            },
            "ref": null,
            "rendered": Object {
              "instance": null,
              "key": undefined,
              "nodeType": "host",
              "props": Object {
                "children": "Edit Event",
                "className": "font-weight-bold text-center",
              },
              "ref": null,
              "rendered": "Edit Event",
              "type": "h4",
            },
            "type": "section",
          },
          Object {
            "instance": null,
            "key": undefined,
            "nodeType": "host",
            "props": Object {
              "children": <div
                className="container"
              >
                <Form
                  date=""
                  description=""
                  editing={false}
                  errorMessage=""
                  errorStatus={false}
                  errors={Object {}}
                  handleChange={[Function]}
                  handleSubmit={[Function]}
                  handleUpload={[Function]}
                  image=""
                  imgPreviewSrc=""
                  title=""
                  type=""
                />
              </div>,
            },
            "ref": null,
            "rendered": Object {
              "instance": null,
              "key": undefined,
              "nodeType": "host",
              "props": Object {
                "children": <Form
                  date=""
                  description=""
                  editing={false}
                  errorMessage=""
                  errorStatus={false}
                  errors={Object {}}
                  handleChange={[Function]}
                  handleSubmit={[Function]}
                  handleUpload={[Function]}
                  image=""
                  imgPreviewSrc=""
                  title=""
                  type=""
                />,
                "className": "container",
              },
              "ref": null,
              "rendered": Object {
                "instance": null,
                "key": undefined,
                "nodeType": "function",
                "props": Object {
                  "date": "",
                  "description": "",
                  "editing": false,
                  "errorMessage": "",
                  "errorStatus": false,
                  "errors": Object {},
                  "handleChange": [Function],
                  "handleSubmit": [Function],
                  "handleUpload": [Function],
                  "image": "",
                  "imgPreviewSrc": "",
                  "title": "",
                  "type": "",
                },
                "ref": null,
                "rendered": null,
                "type": [Function],
              },
              "type": "div",
            },
            "type": "section",
          },
        ],
        "type": "div",
      },
    ],
    "type": "div",
  },
  Symbol(enzyme.__nodes__): Array [
    Object {
      "instance": null,
      "key": undefined,
      "nodeType": "host",
      "props": Object {
        "children": Array [
          <Connect(Navbar) />,
          <div
            className="container add"
          >
            <section>
              <h4
                className="font-weight-bold text-center"
              >
                Edit Event
              </h4>
            </section>
            <section>
              <div
                className="container"
              >
                <Form
                  date=""
                  description=""
                  editing={false}
                  errorMessage=""
                  errorStatus={false}
                  errors={Object {}}
                  handleChange={[Function]}
                  handleSubmit={[Function]}
                  handleUpload={[Function]}
                  image=""
                  imgPreviewSrc=""
                  title=""
                  type=""
                />
              </div>
            </section>
          </div>,
        ],
        "className": "space",
      },
      "ref": null,
      "rendered": Array [
        Object {
          "instance": null,
          "key": undefined,
          "nodeType": "class",
          "props": Object {},
          "ref": null,
          "rendered": null,
          "type": [Function],
        },
        Object {
          "instance": null,
          "key": undefined,
          "nodeType": "host",
          "props": Object {
            "children": Array [
              <section>
                <h4
                  className="font-weight-bold text-center"
                >
                  Edit Event
                </h4>
              </section>,
              <section>
                <div
                  className="container"
                >
                  <Form
                    date=""
                    description=""
                    editing={false}
                    errorMessage=""
                    errorStatus={false}
                    errors={Object {}}
                    handleChange={[Function]}
                    handleSubmit={[Function]}
                    handleUpload={[Function]}
                    image=""
                    imgPreviewSrc=""
                    title=""
                    type=""
                  />
                </div>
              </section>,
            ],
            "className": "container add",
          },
          "ref": null,
          "rendered": Array [
            Object {
              "instance": null,
              "key": undefined,
              "nodeType": "host",
              "props": Object {
                "children": <h4
                  className="font-weight-bold text-center"
                >
                  Edit Event
                </h4>,
              },
              "ref": null,
              "rendered": Object {
                "instance": null,
                "key": undefined,
                "nodeType": "host",
                "props": Object {
                  "children": "Edit Event",
                  "className": "font-weight-bold text-center",
                },
                "ref": null,
                "rendered": "Edit Event",
                "type": "h4",
              },
              "type": "section",
            },
            Object {
              "instance": null,
              "key": undefined,
              "nodeType": "host",
              "props": Object {
                "children": <div
                  className="container"
                >
                  <Form
                    date=""
                    description=""
                    editing={false}
                    errorMessage=""
                    errorStatus={false}
                    errors={Object {}}
                    handleChange={[Function]}
                    handleSubmit={[Function]}
                    handleUpload={[Function]}
                    image=""
                    imgPreviewSrc=""
                    title=""
                    type=""
                  />
                </div>,
              },
              "ref": null,
              "rendered": Object {
                "instance": null,
                "key": undefined,
                "nodeType": "host",
                "props": Object {
                  "children": <Form
                    date=""
                    description=""
                    editing={false}
                    errorMessage=""
                    errorStatus={false}
                    errors={Object {}}
                    handleChange={[Function]}
                    handleSubmit={[Function]}
                    handleUpload={[Function]}
                    image=""
                    imgPreviewSrc=""
                    title=""
                    type=""
                  />,
                  "className": "container",
                },
                "ref": null,
                "rendered": Object {
                  "instance": null,
                  "key": undefined,
                  "nodeType": "function",
                  "props": Object {
                    "date": "",
                    "description": "",
                    "editing": false,
                    "errorMessage": "",
                    "errorStatus": false,
                    "errors": Object {},
                    "handleChange": [Function],
                    "handleSubmit": [Function],
                    "handleUpload": [Function],
                    "image": "",
                    "imgPreviewSrc": "",
                    "title": "",
                    "type": "",
                  },
                  "ref": null,
                  "rendered": null,
                  "type": [Function],
                },
                "type": "div",
              },
              "type": "section",
            },
          ],
          "type": "div",
        },
      ],
      "type": "div",
    },
  ],
  Symbol(enzyme.__options__): Object {
    "adapter": ReactSixteenAdapter {
      "options": Object {
        "enableComponentDidUpdateOnSetState": true,
      },
    },
  },
}
`;
