// Jest Snapshot v1, https://goo.gl/fbAQLP

exports[`<Footer /> should render Footer correctly 1`] = `
ShallowWrapper {
  "length": 1,
  Symbol(enzyme.__root__): [Circular],
  Symbol(enzyme.__unrendered__): <Footer />,
  Symbol(enzyme.__renderer__): Object {
    "batchedUpdates": [Function],
    "getNode": [Function],
    "render": [Function],
    "simulateEvent": [Function],
    "unmount": [Function],
  },
  Symbol(enzyme.__node__): Object {
    "instance": null,
    "key": undefined,
    "nodeType": "host",
    "props": Object {
      "children": <footer
        className="page-footer center-on-small-only default-color pt-0"
      >
        <div
          className="footer-copyright"
        >
          <div
            className="container-fluid"
          >
            © 2017 Copyright: 
            <a
              href="#"
            >
              <strong>
                 Events Manager.com
              </strong>
            </a>
          </div>
        </div>
      </footer>,
    },
    "ref": null,
    "rendered": Object {
      "instance": null,
      "key": undefined,
      "nodeType": "host",
      "props": Object {
        "children": <div
          className="footer-copyright"
        >
          <div
            className="container-fluid"
          >
            © 2017 Copyright: 
            <a
              href="#"
            >
              <strong>
                 Events Manager.com
              </strong>
            </a>
          </div>
        </div>,
        "className": "page-footer center-on-small-only default-color pt-0",
      },
      "ref": null,
      "rendered": Object {
        "instance": null,
        "key": undefined,
        "nodeType": "host",
        "props": Object {
          "children": <div
            className="container-fluid"
          >
            © 2017 Copyright: 
            <a
              href="#"
            >
              <strong>
                 Events Manager.com
              </strong>
            </a>
          </div>,
          "className": "footer-copyright",
        },
        "ref": null,
        "rendered": Object {
          "instance": null,
          "key": undefined,
          "nodeType": "host",
          "props": Object {
            "children": Array [
              "© 2017 Copyright: ",
              <a
                href="#"
              >
                <strong>
                   Events Manager.com
                </strong>
              </a>,
            ],
            "className": "container-fluid",
          },
          "ref": null,
          "rendered": Array [
            "© 2017 Copyright: ",
            Object {
              "instance": null,
              "key": undefined,
              "nodeType": "host",
              "props": Object {
                "children": <strong>
                   Events Manager.com
                </strong>,
                "href": "#",
              },
              "ref": null,
              "rendered": Object {
                "instance": null,
                "key": undefined,
                "nodeType": "host",
                "props": Object {
                  "children": " Events Manager.com",
                },
                "ref": null,
                "rendered": " Events Manager.com",
                "type": "strong",
              },
              "type": "a",
            },
          ],
          "type": "div",
        },
        "type": "div",
      },
      "type": "footer",
    },
    "type": "div",
  },
  Symbol(enzyme.__nodes__): Array [
    Object {
      "instance": null,
      "key": undefined,
      "nodeType": "host",
      "props": Object {
        "children": <footer
          className="page-footer center-on-small-only default-color pt-0"
        >
          <div
            className="footer-copyright"
          >
            <div
              className="container-fluid"
            >
              © 2017 Copyright: 
              <a
                href="#"
              >
                <strong>
                   Events Manager.com
                </strong>
              </a>
            </div>
          </div>
        </footer>,
      },
      "ref": null,
      "rendered": Object {
        "instance": null,
        "key": undefined,
        "nodeType": "host",
        "props": Object {
          "children": <div
            className="footer-copyright"
          >
            <div
              className="container-fluid"
            >
              © 2017 Copyright: 
              <a
                href="#"
              >
                <strong>
                   Events Manager.com
                </strong>
              </a>
            </div>
          </div>,
          "className": "page-footer center-on-small-only default-color pt-0",
        },
        "ref": null,
        "rendered": Object {
          "instance": null,
          "key": undefined,
          "nodeType": "host",
          "props": Object {
            "children": <div
              className="container-fluid"
            >
              © 2017 Copyright: 
              <a
                href="#"
              >
                <strong>
                   Events Manager.com
                </strong>
              </a>
            </div>,
            "className": "footer-copyright",
          },
          "ref": null,
          "rendered": Object {
            "instance": null,
            "key": undefined,
            "nodeType": "host",
            "props": Object {
              "children": Array [
                "© 2017 Copyright: ",
                <a
                  href="#"
                >
                  <strong>
                     Events Manager.com
                  </strong>
                </a>,
              ],
              "className": "container-fluid",
            },
            "ref": null,
            "rendered": Array [
              "© 2017 Copyright: ",
              Object {
                "instance": null,
                "key": undefined,
                "nodeType": "host",
                "props": Object {
                  "children": <strong>
                     Events Manager.com
                  </strong>,
                  "href": "#",
                },
                "ref": null,
                "rendered": Object {
                  "instance": null,
                  "key": undefined,
                  "nodeType": "host",
                  "props": Object {
                    "children": " Events Manager.com",
                  },
                  "ref": null,
                  "rendered": " Events Manager.com",
                  "type": "strong",
                },
                "type": "a",
              },
            ],
            "type": "div",
          },
          "type": "div",
        },
        "type": "footer",
      },
      "type": "div",
    },
  ],
  Symbol(enzyme.__options__): Object {
    "adapter": ReactSixteenAdapter {
      "options": Object {
        "enableComponentDidUpdateOnSetState": true,
      },
    },
  },
}
`;
